Archive member included to satisfy reference by file (symbol)

c:/ac6/systemworkbench/plugins/fr.ac6.mcu.externaltools.arm-none.win32_1.17.0.201812190825/tools/compiler/bin/../lib/gcc/arm-none-eabi/7.3.1/../../../../arm-none-eabi/lib/thumb/v7-m\libc_nano.a(lib_a-errno.o)
                              Core/Src/syscalls.o (__errno)
c:/ac6/systemworkbench/plugins/fr.ac6.mcu.externaltools.arm-none.win32_1.17.0.201812190825/tools/compiler/bin/../lib/gcc/arm-none-eabi/7.3.1/../../../../arm-none-eabi/lib/thumb/v7-m\libc_nano.a(lib_a-exit.o)
                              c:/ac6/systemworkbench/plugins/fr.ac6.mcu.externaltools.arm-none.win32_1.17.0.201812190825/tools/compiler/bin/../lib/gcc/arm-none-eabi/7.3.1/../../../../arm-none-eabi/lib/thumb/v7-m/crt0.o (exit)
c:/ac6/systemworkbench/plugins/fr.ac6.mcu.externaltools.arm-none.win32_1.17.0.201812190825/tools/compiler/bin/../lib/gcc/arm-none-eabi/7.3.1/../../../../arm-none-eabi/lib/thumb/v7-m\libc_nano.a(lib_a-impure.o)
                              c:/ac6/systemworkbench/plugins/fr.ac6.mcu.externaltools.arm-none.win32_1.17.0.201812190825/tools/compiler/bin/../lib/gcc/arm-none-eabi/7.3.1/../../../../arm-none-eabi/lib/thumb/v7-m\libc_nano.a(lib_a-exit.o) (_global_impure_ptr)
c:/ac6/systemworkbench/plugins/fr.ac6.mcu.externaltools.arm-none.win32_1.17.0.201812190825/tools/compiler/bin/../lib/gcc/arm-none-eabi/7.3.1/../../../../arm-none-eabi/lib/thumb/v7-m\libc_nano.a(lib_a-init.o)
                              c:/ac6/systemworkbench/plugins/fr.ac6.mcu.externaltools.arm-none.win32_1.17.0.201812190825/tools/compiler/bin/../lib/gcc/arm-none-eabi/7.3.1/../../../../arm-none-eabi/lib/thumb/v7-m/crt0.o (__libc_init_array)
c:/ac6/systemworkbench/plugins/fr.ac6.mcu.externaltools.arm-none.win32_1.17.0.201812190825/tools/compiler/bin/../lib/gcc/arm-none-eabi/7.3.1/../../../../arm-none-eabi/lib/thumb/v7-m\libc_nano.a(lib_a-memset.o)
                              c:/ac6/systemworkbench/plugins/fr.ac6.mcu.externaltools.arm-none.win32_1.17.0.201812190825/tools/compiler/bin/../lib/gcc/arm-none-eabi/7.3.1/../../../../arm-none-eabi/lib/thumb/v7-m/crt0.o (memset)

Allocating common symbols
Common symbol       size              file

uwTick              0x4               Drivers/STM32F1xx_HAL_Driver/Src/stm32f1xx_hal.o
pFlash              0x20              Drivers/STM32F1xx_HAL_Driver/Src/stm32f1xx_hal_flash.o
htim2               0x48              Core/Src/BUZZER_API.o

Discarded input sections

 .text          0x00000000        0x0 c:/ac6/systemworkbench/plugins/fr.ac6.mcu.externaltools.arm-none.win32_1.17.0.201812190825/tools/compiler/bin/../lib/gcc/arm-none-eabi/7.3.1/thumb/v7-m/crti.o
 .data          0x00000000        0x0 c:/ac6/systemworkbench/plugins/fr.ac6.mcu.externaltools.arm-none.win32_1.17.0.201812190825/tools/compiler/bin/../lib/gcc/arm-none-eabi/7.3.1/thumb/v7-m/crti.o
 .bss           0x00000000        0x0 c:/ac6/systemworkbench/plugins/fr.ac6.mcu.externaltools.arm-none.win32_1.17.0.201812190825/tools/compiler/bin/../lib/gcc/arm-none-eabi/7.3.1/thumb/v7-m/crti.o
 .data          0x00000000        0x4 c:/ac6/systemworkbench/plugins/fr.ac6.mcu.externaltools.arm-none.win32_1.17.0.201812190825/tools/compiler/bin/../lib/gcc/arm-none-eabi/7.3.1/thumb/v7-m/crtbegin.o
 .text          0x00000000       0x74 c:/ac6/systemworkbench/plugins/fr.ac6.mcu.externaltools.arm-none.win32_1.17.0.201812190825/tools/compiler/bin/../lib/gcc/arm-none-eabi/7.3.1/../../../../arm-none-eabi/lib/thumb/v7-m/crt0.o
 .data          0x00000000        0x0 c:/ac6/systemworkbench/plugins/fr.ac6.mcu.externaltools.arm-none.win32_1.17.0.201812190825/tools/compiler/bin/../lib/gcc/arm-none-eabi/7.3.1/../../../../arm-none-eabi/lib/thumb/v7-m/crt0.o
 .bss           0x00000000        0x0 c:/ac6/systemworkbench/plugins/fr.ac6.mcu.externaltools.arm-none.win32_1.17.0.201812190825/tools/compiler/bin/../lib/gcc/arm-none-eabi/7.3.1/../../../../arm-none-eabi/lib/thumb/v7-m/crt0.o
 .ARM.extab     0x00000000        0x0 c:/ac6/systemworkbench/plugins/fr.ac6.mcu.externaltools.arm-none.win32_1.17.0.201812190825/tools/compiler/bin/../lib/gcc/arm-none-eabi/7.3.1/../../../../arm-none-eabi/lib/thumb/v7-m/crt0.o
 .ARM.exidx     0x00000000        0x8 c:/ac6/systemworkbench/plugins/fr.ac6.mcu.externaltools.arm-none.win32_1.17.0.201812190825/tools/compiler/bin/../lib/gcc/arm-none-eabi/7.3.1/../../../../arm-none-eabi/lib/thumb/v7-m/crt0.o
 .ARM.attributes
                0x00000000       0x1b c:/ac6/systemworkbench/plugins/fr.ac6.mcu.externaltools.arm-none.win32_1.17.0.201812190825/tools/compiler/bin/../lib/gcc/arm-none-eabi/7.3.1/../../../../arm-none-eabi/lib/thumb/v7-m/crt0.o
 .group         0x00000000        0xc Core/Src/BUZZER_API.o
 .group         0x00000000        0xc Core/Src/BUZZER_API.o
 .group         0x00000000        0xc Core/Src/BUZZER_API.o
 .group         0x00000000        0xc Core/Src/BUZZER_API.o
 .group         0x00000000        0xc Core/Src/BUZZER_API.o
 .group         0x00000000        0xc Core/Src/BUZZER_API.o
[...]
Memory Configuration

Name             Origin             Length             Attributes
RAM              0x20000000         0x00005000         xrw
FLASH            0x08000000         0x00020000         xr
*default*        0x00000000         0xffffffff

Linker script and memory map

LOAD c:/ac6/systemworkbench/plugins/fr.ac6.mcu.externaltools.arm-none.win32_1.17.0.201812190825/tools/compiler/bin/../lib/gcc/arm-none-eabi/7.3.1/thumb/v7-m/crti.o
LOAD c:/ac6/systemworkbench/plugins/fr.ac6.mcu.externaltools.arm-none.win32_1.17.0.201812190825/tools/compiler/bin/../lib/gcc/arm-none-eabi/7.3.1/thumb/v7-m/crtbegin.o
LOAD c:/ac6/systemworkbench/plugins/fr.ac6.mcu.externaltools.arm-none.win32_1.17.0.201812190825/tools/compiler/bin/../lib/gcc/arm-none-eabi/7.3.1/../../../../arm-none-eabi/lib/thumb/v7-m/crt0.o
LOAD Core/Src/BUZZER_API.o
LOAD Core/Src/main.o
LOAD Core/Src/stm32f1xx_hal_msp.o
LOAD Core/Src/stm32f1xx_it.o
LOAD Core/Src/syscalls.o
LOAD Core/Src/system_stm32f1xx.o
LOAD Drivers/STM32F1xx_HAL_Driver/Src/stm32f1xx_hal.o
LOAD Drivers/STM32F1xx_HAL_Driver/Src/stm32f1xx_hal_cortex.o
LOAD Drivers/STM32F1xx_HAL_Driver/Src/stm32f1xx_hal_dma.o
LOAD Drivers/STM32F1xx_HAL_Driver/Src/stm32f1xx_hal_exti.o
LOAD Drivers/STM32F1xx_HAL_Driver/Src/stm32f1xx_hal_flash.o
LOAD Drivers/STM32F1xx_HAL_Driver/Src/stm32f1xx_hal_flash_ex.o
LOAD Drivers/STM32F1xx_HAL_Driver/Src/stm32f1xx_hal_gpio.o
LOAD Drivers/STM32F1xx_HAL_Driver/Src/stm32f1xx_hal_gpio_ex.o
LOAD Drivers/STM32F1xx_HAL_Driver/Src/stm32f1xx_hal_pwr.o
LOAD Drivers/STM32F1xx_HAL_Driver/Src/stm32f1xx_hal_rcc.o
LOAD Drivers/STM32F1xx_HAL_Driver/Src/stm32f1xx_hal_rcc_ex.o
LOAD Drivers/STM32F1xx_HAL_Driver/Src/stm32f1xx_hal_tim.o
LOAD Drivers/STM32F1xx_HAL_Driver/Src/stm32f1xx_hal_tim_ex.o
LOAD startup/startup_stm32f103xb.o
LOAD c:/ac6/systemworkbench/plugins/fr.ac6.mcu.externaltools.arm-none.win32_1.17.0.201812190825/tools/compiler/bin/../lib/gcc/arm-none-eabi/7.3.1/../../../../arm-none-eabi/lib/thumb/v7-m\libm.a
START GROUP
LOAD c:/ac6/systemworkbench/plugins/fr.ac6.mcu.externaltools.arm-none.win32_1.17.0.201812190825/tools/compiler/bin/../lib/gcc/arm-none-eabi/7.3.1/thumb/v7-m\libgcc.a
LOAD c:/ac6/systemworkbench/plugins/fr.ac6.mcu.externaltools.arm-none.win32_1.17.0.201812190825/tools/compiler/bin/../lib/gcc/arm-none-eabi/7.3.1/../../../../arm-none-eabi/lib/thumb/v7-m\libc_nano.a
END GROUP
START GROUP
LOAD c:/ac6/systemworkbench/plugins/fr.ac6.mcu.externaltools.arm-none.win32_1.17.0.201812190825/tools/compiler/bin/../lib/gcc/arm-none-eabi/7.3.1/thumb/v7-m\libgcc.a
LOAD c:/ac6/systemworkbench/plugins/fr.ac6.mcu.externaltools.arm-none.win32_1.17.0.201812190825/tools/compiler/bin/../lib/gcc/arm-none-eabi/7.3.1/../../../../arm-none-eabi/lib/thumb/v7-m\libc_nano.a
LOAD c:/ac6/systemworkbench/plugins/fr.ac6.mcu.externaltools.arm-none.win32_1.17.0.201812190825/tools/compiler/bin/../lib/gcc/arm-none-eabi/7.3.1/../../../../arm-none-eabi/lib/thumb/v7-m\libnosys.a
END GROUP
START GROUP
LOAD c:/ac6/systemworkbench/plugins/fr.ac6.mcu.externaltools.arm-none.win32_1.17.0.201812190825/tools/compiler/bin/../lib/gcc/arm-none-eabi/7.3.1/thumb/v7-m\libgcc.a
LOAD c:/ac6/systemworkbench/plugins/fr.ac6.mcu.externaltools.arm-none.win32_1.17.0.201812190825/tools/compiler/bin/../lib/gcc/arm-none-eabi/7.3.1/../../../../arm-none-eabi/lib/thumb/v7-m\libc_nano.a
LOAD c:/ac6/systemworkbench/plugins/fr.ac6.mcu.externaltools.arm-none.win32_1.17.0.201812190825/tools/compiler/bin/../lib/gcc/arm-none-eabi/7.3.1/../../../../arm-none-eabi/lib/thumb/v7-m\libnosys.a
END GROUP
LOAD c:/ac6/systemworkbench/plugins/fr.ac6.mcu.externaltools.arm-none.win32_1.17.0.201812190825/tools/compiler/bin/../lib/gcc/arm-none-eabi/7.3.1/thumb/v7-m/crtend.o
LOAD c:/ac6/systemworkbench/plugins/fr.ac6.mcu.externaltools.arm-none.win32_1.17.0.201812190825/tools/compiler/bin/../lib/gcc/arm-none-eabi/7.3.1/thumb/v7-m/crtn.o
                0x20005000                _estack = 0x20005000
                0x00000200                _Min_Heap_Size = 0x200
                0x00000400                _Min_Stack_Size = 0x400

.isr_vector     0x08000000      0x10c
                0x08000000                . = ALIGN (0x4)
 *(.isr_vector)
 .isr_vector    0x08000000      0x10c startup/startup_stm32f103xb.o
                0x08000000                g_pfnVectors
                0x0800010c                . = ALIGN (0x4)

.text           0x0800010c     0x1360
                0x0800010c                . = ALIGN (0x4)
 *(.text)
 .text          0x0800010c       0x40 c:/ac6/systemworkbench/plugins/fr.ac6.mcu.externaltools.arm-none.win32_1.17.0.201812190825/tools/compiler/bin/../lib/gcc/arm-none-eabi/7.3.1/thumb/v7-m/crtbegin.o
 *(.text*)
 .text.MX_TIM2_Init
                0x0800014c       0xb0 Core/Src/BUZZER_API.o
                0x0800014c                MX_TIM2_Init
 .text.BUZZER_ON
                0x080001fc       0x18 Core/Src/BUZZER_API.o
                0x080001fc                BUZZER_ON
 .text.BUZZER_OFF
                0x08000214       0x10 Core/Src/BUZZER_API.o
                0x08000214                BUZZER_OFF
 .text.MX_GPIO_Init
                0x08000224       0x54 Core/Src/main.o
 .text.SystemClock_Config
                0x08000278       0x48 Core/Src/main.o
                0x08000278                SystemClock_Config
 .text.main     0x080002c0       0x26 Core/Src/main.o
                0x080002c0                main
 .text.Error_Handler
                0x080002e6        0x2 Core/Src/main.o
                0x080002e6                Error_Handler
 .text.HAL_MspInit
                0x080002e8       0x44 Core/Src/stm32f1xx_hal_msp.o
                0x080002e8                HAL_MspInit
 .text.HAL_TIM_Base_MspInit
                0x0800032c       0x26 Core/Src/stm32f1xx_hal_msp.o
                0x0800032c                HAL_TIM_Base_MspInit
 *fill*         0x08000352        0x2 
 .text.HAL_TIM_MspPostInit
                0x08000354       0x4c Core/Src/stm32f1xx_hal_msp.o
                0x08000354                HAL_TIM_MspPostInit
 .text.NMI_Handler
                0x080003a0        0x2 Core/Src/stm32f1xx_it.o
                0x080003a0                NMI_Handler
 .text.HardFault_Handler
                0x080003a2        0x2 Core/Src/stm32f1xx_it.o
                0x080003a2                HardFault_Handler
 .text.MemManage_Handler
                0x080003a4        0x2 Core/Src/stm32f1xx_it.o
                0x080003a4                MemManage_Handler
 .text.BusFault_Handler
                0x080003a6        0x2 Core/Src/stm32f1xx_it.o
                0x080003a6                BusFault_Handler
 .text.UsageFault_Handler
                0x080003a8        0x2 Core/Src/stm32f1xx_it.o
                0x080003a8                UsageFault_Handler
 .text.SVC_Handler
                0x080003aa        0x2 Core/Src/stm32f1xx_it.o
                0x080003aa                SVC_Handler
 .text.DebugMon_Handler
                0x080003ac        0x2 Core/Src/stm32f1xx_it.o
                0x080003ac                DebugMon_Handler
 .text.PendSV_Handler
                0x080003ae        0x2 Core/Src/stm32f1xx_it.o
                0x080003ae                PendSV_Handler
 .text.SysTick_Handler
                0x080003b0        0x8 Core/Src/stm32f1xx_it.o
                0x080003b0                SysTick_Handler
 .text.SystemInit
                0x080003b8        0x2 Core/Src/system_stm32f1xx.o
                0x080003b8                SystemInit
 *fill*         0x080003ba        0x2 
 .text.HAL_InitTick
                0x080003bc       0x48 Drivers/STM32F1xx_HAL_Driver/Src/stm32f1xx_hal.o
                0x080003bc                HAL_InitTick
 .text.HAL_Init
                0x08000404       0x24 Drivers/STM32F1xx_HAL_Driver/Src/stm32f1xx_hal.o
                0x08000404                HAL_Init
 .text.HAL_IncTick
                0x08000428       0x18 Drivers/STM32F1xx_HAL_Driver/Src/stm32f1xx_hal.o
                0x08000428                HAL_IncTick
 .text.HAL_GetTick
                0x08000440        0xc Drivers/STM32F1xx_HAL_Driver/Src/stm32f1xx_hal.o
                0x08000440                HAL_GetTick
 .text.HAL_Delay
                0x0800044c       0x28 Drivers/STM32F1xx_HAL_Driver/Src/stm32f1xx_hal.o
                0x0800044c                HAL_Delay
 .text.HAL_NVIC_SetPriorityGrouping
                0x08000474       0x24 Drivers/STM32F1xx_HAL_Driver/Src/stm32f1xx_hal_cortex.o
                0x08000474                HAL_NVIC_SetPriorityGrouping
 .text.HAL_NVIC_SetPriority
                0x08000498       0x68 Drivers/STM32F1xx_HAL_Driver/Src/stm32f1xx_hal_cortex.o
                0x08000498                HAL_NVIC_SetPriority
 .text.HAL_SYSTICK_Config
                0x08000500       0x2c Drivers/STM32F1xx_HAL_Driver/Src/stm32f1xx_hal_cortex.o
                0x08000500                HAL_SYSTICK_Config
 .text.HAL_GPIO_Init
                0x0800052c      0x1d8 Drivers/STM32F1xx_HAL_Driver/Src/stm32f1xx_hal_gpio.o
                0x0800052c                HAL_GPIO_Init
 .text.RCC_Delay
                0x08000704       0x2c Drivers/STM32F1xx_HAL_Driver/Src/stm32f1xx_hal_rcc.o
 .text.HAL_RCC_OscConfig
                0x08000730      0x410 Drivers/STM32F1xx_HAL_Driver/Src/stm32f1xx_hal_rcc.o
                0x08000730                HAL_RCC_OscConfig
 .text.HAL_RCC_GetSysClockFreq
                0x08000b40       0x70 Drivers/STM32F1xx_HAL_Driver/Src/stm32f1xx_hal_rcc.o
                0x08000b40                HAL_RCC_GetSysClockFreq
 .text.HAL_RCC_ClockConfig
                0x08000bb0      0x168 Drivers/STM32F1xx_HAL_Driver/Src/stm32f1xx_hal_rcc.o
                0x08000bb0                HAL_RCC_ClockConfig
 .text.TIM_OC1_SetConfig
                0x08000d18       0x5c Drivers/STM32F1xx_HAL_Driver/Src/stm32f1xx_hal_tim.o
 .text.TIM_OC3_SetConfig
                0x08000d74       0x64 Drivers/STM32F1xx_HAL_Driver/Src/stm32f1xx_hal_tim.o
 .text.TIM_OC4_SetConfig
                0x08000dd8       0x48 Drivers/STM32F1xx_HAL_Driver/Src/stm32f1xx_hal_tim.o
 .text.TIM_TI1_ConfigInputStage
                0x08000e20       0x24 Drivers/STM32F1xx_HAL_Driver/Src/stm32f1xx_hal_tim.o
 .text.TIM_TI2_ConfigInputStage
                0x08000e44       0x26 Drivers/STM32F1xx_HAL_Driver/Src/stm32f1xx_hal_tim.o
 .text.TIM_ITRx_SetConfig
                0x08000e6a       0x10 Drivers/STM32F1xx_HAL_Driver/Src/stm32f1xx_hal_tim.o
 .text.HAL_TIM_PWM_MspInit
                0x08000e7a        0x2 Drivers/STM32F1xx_HAL_Driver/Src/stm32f1xx_hal_tim.o
                0x08000e7a                HAL_TIM_PWM_MspInit
 .text.TIM_Base_SetConfig
                0x08000e7c       0x74 Drivers/STM32F1xx_HAL_Driver/Src/stm32f1xx_hal_tim.o
                0x08000e7c                TIM_Base_SetConfig
 .text.HAL_TIM_Base_Init
                0x08000ef0       0x56 Drivers/STM32F1xx_HAL_Driver/Src/stm32f1xx_hal_tim.o
                0x08000ef0                HAL_TIM_Base_Init
 .text.HAL_TIM_PWM_Init
                0x08000f46       0x56 Drivers/STM32F1xx_HAL_Driver/Src/stm32f1xx_hal_tim.o
                0x08000f46                HAL_TIM_PWM_Init
 .text.TIM_OC2_SetConfig
                0x08000f9c       0x64 Drivers/STM32F1xx_HAL_Driver/Src/stm32f1xx_hal_tim.o
                0x08000f9c                TIM_OC2_SetConfig
 .text.HAL_TIM_PWM_ConfigChannel
                0x08001000       0xd0 Drivers/STM32F1xx_HAL_Driver/Src/stm32f1xx_hal_tim.o
                0x08001000                HAL_TIM_PWM_ConfigChannel
 .text.TIM_ETR_SetConfig
                0x080010d0       0x16 Drivers/STM32F1xx_HAL_Driver/Src/stm32f1xx_hal_tim.o
                0x080010d0                TIM_ETR_SetConfig
 .text.HAL_TIM_ConfigClockSource
                0x080010e6       0xda Drivers/STM32F1xx_HAL_Driver/Src/stm32f1xx_hal_tim.o
                0x080010e6                HAL_TIM_ConfigClockSource
 .text.TIM_CCxChannelCmd
                0x080011c0       0x20 Drivers/STM32F1xx_HAL_Driver/Src/stm32f1xx_hal_tim.o
                0x080011c0                TIM_CCxChannelCmd
 .text.HAL_TIM_PWM_Start
                0x080011e0       0xe4 Drivers/STM32F1xx_HAL_Driver/Src/stm32f1xx_hal_tim.o
                0x080011e0                HAL_TIM_PWM_Start
 .text.HAL_TIM_PWM_Stop
                0x080012c4       0x84 Drivers/STM32F1xx_HAL_Driver/Src/stm32f1xx_hal_tim.o
                0x080012c4                HAL_TIM_PWM_Stop
 .text.HAL_TIMEx_MasterConfigSynchronization
                0x08001348       0x68 Drivers/STM32F1xx_HAL_Driver/Src/stm32f1xx_hal_tim_ex.o
                0x08001348                HAL_TIMEx_MasterConfigSynchronization
 .text.Reset_Handler
                0x080013b0       0x48 startup/startup_stm32f103xb.o
                0x080013b0                Reset_Handler
 .text.Default_Handler
                0x080013f8        0x2 startup/startup_stm32f103xb.o
                0x080013f8                RTC_Alarm_IRQHandler
                0x080013f8                EXTI2_IRQHandler
                0x080013f8                TIM1_CC_IRQHandler
                0x080013f8                PVD_IRQHandler
                0x080013f8                EXTI3_IRQHandler
                0x080013f8                EXTI0_IRQHandler
                0x080013f8                I2C2_EV_IRQHandler
                0x080013f8                ADC1_2_IRQHandler
                0x080013f8                SPI1_IRQHandler
                0x080013f8                TAMPER_IRQHandler
                0x080013f8                DMA1_Channel4_IRQHandler
                0x080013f8                USART3_IRQHandler
                0x080013f8                RTC_IRQHandler
                0x080013f8                DMA1_Channel7_IRQHandler
                0x080013f8                CAN1_RX1_IRQHandler
                0x080013f8                TIM4_IRQHandler
                0x080013f8                I2C1_EV_IRQHandler
                0x080013f8                DMA1_Channel6_IRQHandler
                0x080013f8                TIM3_IRQHandler
                0x080013f8                RCC_IRQHandler
                0x080013f8                TIM1_TRG_COM_IRQHandler
                0x080013f8                DMA1_Channel1_IRQHandler
                0x080013f8                Default_Handler
                0x080013f8                EXTI15_10_IRQHandler
                0x080013f8                EXTI9_5_IRQHandler
                0x080013f8                SPI2_IRQHandler
                0x080013f8                DMA1_Channel5_IRQHandler
                0x080013f8                EXTI4_IRQHandler
                0x080013f8                USB_LP_CAN1_RX0_IRQHandler
                0x080013f8                USB_HP_CAN1_TX_IRQHandler
                0x080013f8                DMA1_Channel3_IRQHandler
                0x080013f8                TIM1_UP_IRQHandler
                0x080013f8                WWDG_IRQHandler
                0x080013f8                TIM2_IRQHandler
                0x080013f8                TIM1_BRK_IRQHandler
                0x080013f8                EXTI1_IRQHandler
                0x080013f8                USART2_IRQHandler
                0x080013f8                I2C2_ER_IRQHandler
                0x080013f8                DMA1_Channel2_IRQHandler
                0x080013f8                CAN1_SCE_IRQHandler
                0x080013f8                FLASH_IRQHandler
                0x080013f8                USART1_IRQHandler
                0x080013f8                I2C1_ER_IRQHandler
                0x080013f8                USBWakeUp_IRQHandler
 *fill*         0x080013fa        0x2 
 .text.__libc_init_array
                0x080013fc       0x48 c:/ac6/systemworkbench/plugins/fr.ac6.mcu.externaltools.arm-none.win32_1.17.0.201812190825/tools/compiler/bin/../lib/gcc/arm-none-eabi/7.3.1/../../../../arm-none-eabi/lib/thumb/v7-m\libc_nano.a(lib_a-init.o)
                0x080013fc                __libc_init_array
 .text.memset   0x08001444       0x10 c:/ac6/systemworkbench/plugins/fr.ac6.mcu.externaltools.arm-none.win32_1.17.0.201812190825/tools/compiler/bin/../lib/gcc/arm-none-eabi/7.3.1/../../../../arm-none-eabi/lib/thumb/v7-m\libc_nano.a(lib_a-memset.o)
                0x08001444                memset
 *(.glue_7)
 .glue_7        0x08001454        0x0 linker stubs
 *(.glue_7t)
 .glue_7t       0x08001454        0x0 linker stubs
 *(.eh_frame)
 .eh_frame      0x08001454        0x0 c:/ac6/systemworkbench/plugins/fr.ac6.mcu.externaltools.arm-none.win32_1.17.0.201812190825/tools/compiler/bin/../lib/gcc/arm-none-eabi/7.3.1/thumb/v7-m/crtbegin.o
 *(.init)
 .init          0x08001454        0x4 c:/ac6/systemworkbench/plugins/fr.ac6.mcu.externaltools.arm-none.win32_1.17.0.201812190825/tools/compiler/bin/../lib/gcc/arm-none-eabi/7.3.1/thumb/v7-m/crti.o
                0x08001454                _init
 .init          0x08001458        0x8 c:/ac6/systemworkbench/plugins/fr.ac6.mcu.externaltools.arm-none.win32_1.17.0.201812190825/tools/compiler/bin/../lib/gcc/arm-none-eabi/7.3.1/thumb/v7-m/crtn.o
 *(.fini)
 .fini          0x08001460        0x4 c:/ac6/systemworkbench/plugins/fr.ac6.mcu.externaltools.arm-none.win32_1.17.0.201812190825/tools/compiler/bin/../lib/gcc/arm-none-eabi/7.3.1/thumb/v7-m/crti.o
                0x08001460                _fini
 .fini          0x08001464        0x8 c:/ac6/systemworkbench/plugins/fr.ac6.mcu.externaltools.arm-none.win32_1.17.0.201812190825/tools/compiler/bin/../lib/gcc/arm-none-eabi/7.3.1/thumb/v7-m/crtn.o
                0x0800146c                . = ALIGN (0x4)
                0x0800146c                _etext = .

.vfp11_veneer   0x0800146c        0x0
 .vfp11_veneer  0x0800146c        0x0 linker stubs

.v4_bx          0x0800146c        0x0
 .v4_bx         0x0800146c        0x0 linker stubs

.iplt           0x0800146c        0x0
 .iplt          0x0800146c        0x0 c:/ac6/systemworkbench/plugins/fr.ac6.mcu.externaltools.arm-none.win32_1.17.0.201812190825/tools/compiler/bin/../lib/gcc/arm-none-eabi/7.3.1/thumb/v7-m/crtbegin.o

.rodata         0x0800146c       0x2c
                0x0800146c                . = ALIGN (0x4)
 *(.rodata)
 .rodata        0x0800146c       0x18 Core/Src/system_stm32f1xx.o
                0x0800146c                AHBPrescTable
                0x0800147c                APBPrescTable
 .rodata        0x08001484       0x12 Drivers/STM32F1xx_HAL_Driver/Src/stm32f1xx_hal_rcc.o
 *(.rodata*)
                0x08001498                . = ALIGN (0x4)
 *fill*         0x08001496        0x2 

.rel.dyn        0x08001498        0x0
 .rel.iplt      0x08001498        0x0 c:/ac6/systemworkbench/plugins/fr.ac6.mcu.externaltools.arm-none.win32_1.17.0.201812190825/tools/compiler/bin/../lib/gcc/arm-none-eabi/7.3.1/thumb/v7-m/crtbegin.o

.ARM.extab
 *(.ARM.extab* .gnu.linkonce.armextab.*)

.ARM            0x08001498        0x0
                0x08001498                __exidx_start = .
 *(.ARM.exidx*)
                0x08001498                __exidx_end = .

.preinit_array  0x08001498        0x0
                0x08001498                PROVIDE (__preinit_array_start = .)
 *(.preinit_array*)
                0x08001498                PROVIDE (__preinit_array_end = .)

.init_array     0x08001498        0x4
                0x08001498                PROVIDE (__init_array_start = .)
 *(SORT_BY_NAME(.init_array.*))
 *(.init_array*)
 .init_array    0x08001498        0x4 c:/ac6/systemworkbench/plugins/fr.ac6.mcu.externaltools.arm-none.win32_1.17.0.201812190825/tools/compiler/bin/../lib/gcc/arm-none-eabi/7.3.1/thumb/v7-m/crtbegin.o
                0x0800149c                PROVIDE (__init_array_end = .)

.fini_array     0x0800149c        0x4
                [!provide]                PROVIDE (__fini_array_start = .)
 *(SORT_BY_NAME(.fini_array.*))
 *(.fini_array*)
 .fini_array    0x0800149c        0x4 c:/ac6/systemworkbench/plugins/fr.ac6.mcu.externaltools.arm-none.win32_1.17.0.201812190825/tools/compiler/bin/../lib/gcc/arm-none-eabi/7.3.1/thumb/v7-m/crtbegin.o
                [!provide]                PROVIDE (__fini_array_end = .)
                0x080014a0                _sidata = LOADADDR (.data)

.data           0x20000000        0xc load address 0x080014a0
                0x20000000                . = ALIGN (0x4)
                0x20000000                _sdata = .
 *(.data)
 .data          0x20000000        0x4 Core/Src/system_stm32f1xx.o
                0x20000000                SystemCoreClock
 .data          0x20000004        0x8 Drivers/STM32F1xx_HAL_Driver/Src/stm32f1xx_hal.o
                0x20000004                uwTickFreq
                0x20000008                uwTickPrio
 *(.data*)
                0x2000000c                . = ALIGN (0x4)
                0x2000000c                _edata = .

.igot.plt       0x2000000c        0x0 load address 0x080014ac
 .igot.plt      0x2000000c        0x0 c:/ac6/systemworkbench/plugins/fr.ac6.mcu.externaltools.arm-none.win32_1.17.0.201812190825/tools/compiler/bin/../lib/gcc/arm-none-eabi/7.3.1/thumb/v7-m/crtbegin.o
                0x2000000c                . = ALIGN (0x4)

.bss            0x2000000c       0x68 load address 0x080014ac
                0x2000000c                _sbss = .
                0x2000000c                __bss_start__ = _sbss
 *(.bss)
 .bss           0x2000000c       0x1c c:/ac6/systemworkbench/plugins/fr.ac6.mcu.externaltools.arm-none.win32_1.17.0.201812190825/tools/compiler/bin/../lib/gcc/arm-none-eabi/7.3.1/thumb/v7-m/crtbegin.o
 *(.bss*)
 *(COMMON)
 COMMON         0x20000028       0x48 Core/Src/BUZZER_API.o
                0x20000028                htim2
 COMMON         0x20000070        0x4 Drivers/STM32F1xx_HAL_Driver/Src/stm32f1xx_hal.o
                0x20000070                uwTick
                0x20000074                . = ALIGN (0x4)
                0x20000074                _ebss = .
                0x20000074                __bss_end__ = _ebss

._user_heap_stack
                0x20000074      0x604 load address 0x080014ac
                0x20000078                . = ALIGN (0x8)
 *fill*         0x20000074        0x4 
                0x20000078                PROVIDE (end = .)
                [!provide]                PROVIDE (_end = .)
                0x20000278                . = (. + _Min_Heap_Size)
 *fill*         0x20000078      0x200 
                0x20000678                . = (. + _Min_Stack_Size)
 *fill*         0x20000278      0x400 
                0x20000678                . = ALIGN (0x8)

/DISCARD/
 libc.a(*)
 libm.a(*)
 libgcc.a(*)

.ARM.attributes
                0x00000000       0x29
 *(.ARM.attributes)
 .ARM.attributes
                0x00000000       0x1d c:/ac6/systemworkbench/plugins/fr.ac6.mcu.externaltools.arm-none.win32_1.17.0.201812190825/tools/compiler/bin/../lib/gcc/arm-none-eabi/7.3.1/thumb/v7-m/crti.o
 .ARM.attributes
                0x0000001d       0x2d c:/ac6/systemworkbench/plugins/fr.ac6.mcu.externaltools.arm-none.win32_1.17.0.201812190825/tools/compiler/bin/../lib/gcc/arm-none-eabi/7.3.1/thumb/v7-m/crtbegin.o
 .ARM.attributes
                0x0000004a       0x33 Core/Src/BUZZER_API.o
 .ARM.attributes
                0x0000007d       0x33 Core/Src/main.o
 .ARM.attributes
                0x000000b0       0x33 Core/Src/stm32f1xx_hal_msp.o
 .ARM.attributes
                0x000000e3       0x33 Core/Src/stm32f1xx_it.o
 .ARM.attributes
                0x00000116       0x33 Core/Src/system_stm32f1xx.o
 .ARM.attributes
                0x00000149       0x33 Drivers/STM32F1xx_HAL_Driver/Src/stm32f1xx_hal.o
 .ARM.attributes
                0x0000017c       0x33 Drivers/STM32F1xx_HAL_Driver/Src/stm32f1xx_hal_cortex.o
 .ARM.attributes
                0x000001af       0x33 Drivers/STM32F1xx_HAL_Driver/Src/stm32f1xx_hal_gpio.o
 .ARM.attributes
                0x000001e2       0x33 Drivers/STM32F1xx_HAL_Driver/Src/stm32f1xx_hal_rcc.o
 .ARM.attributes
                0x00000215       0x33 Drivers/STM32F1xx_HAL_Driver/Src/stm32f1xx_hal_tim.o
 .ARM.attributes
                0x00000248       0x33 Drivers/STM32F1xx_HAL_Driver/Src/stm32f1xx_hal_tim_ex.o
 .ARM.attributes
                0x0000027b       0x21 startup/startup_stm32f103xb.o
 .ARM.attributes
                0x0000029c       0x2d c:/ac6/systemworkbench/plugins/fr.ac6.mcu.externaltools.arm-none.win32_1.17.0.201812190825/tools/compiler/bin/../lib/gcc/arm-none-eabi/7.3.1/../../../../arm-none-eabi/lib/thumb/v7-m\libc_nano.a(lib_a-init.o)
 .ARM.attributes
                0x000002c9       0x2d c:/ac6/systemworkbench/plugins/fr.ac6.mcu.externaltools.arm-none.win32_1.17.0.201812190825/tools/compiler/bin/../lib/gcc/arm-none-eabi/7.3.1/../../../../arm-none-eabi/lib/thumb/v7-m\libc_nano.a(lib_a-memset.o)
 .ARM.attributes
                0x000002f6       0x1d c:/ac6/systemworkbench/plugins/fr.ac6.mcu.externaltools.arm-none.win32_1.17.0.201812190825/tools/compiler/bin/../lib/gcc/arm-none-eabi/7.3.1/thumb/v7-m/crtn.o
OUTPUT(BUZZER_API.elf elf32-littlearm)

.debug_info     0x00000000     0x963b
 .debug_info    0x00000000      0xba2 Core/Src/BUZZER_API.o
 .debug_info    0x00000ba2      0xa34 Core/Src/main.o
 .debug_info    0x000015d6      0x998 Core/Src/stm32f1xx_hal_msp.o
 .debug_info    0x00001f6e      0x224 Core/Src/stm32f1xx_it.o
 .debug_info    0x00002192      0x29d Core/Src/system_stm32f1xx.o
 .debug_info    0x0000242f      0x7c0 Drivers/STM32F1xx_HAL_Driver/Src/stm32f1xx_hal.o
 .debug_info    0x00002bef      0xcb5 Drivers/STM32F1xx_HAL_Driver/Src/stm32f1xx_hal_cortex.o
 .debug_info    0x000038a4      0x6ab Drivers/STM32F1xx_HAL_Driver/Src/stm32f1xx_hal_gpio.o
 .debug_info    0x00003f4f      0x9ef Drivers/STM32F1xx_HAL_Driver/Src/stm32f1xx_hal_rcc.o
 .debug_info    0x0000493e     0x3554 Drivers/STM32F1xx_HAL_Driver/Src/stm32f1xx_hal_tim.o
 .debug_info    0x00007e92     0x1787 Drivers/STM32F1xx_HAL_Driver/Src/stm32f1xx_hal_tim_ex.o
 .debug_info    0x00009619       0x22 startup/startup_stm32f103xb.o

.debug_abbrev   0x00000000     0x1574
 .debug_abbrev  0x00000000      0x1c4 Core/Src/BUZZER_API.o
 .debug_abbrev  0x000001c4      0x228 Core/Src/main.o
 .debug_abbrev  0x000003ec      0x1bc Core/Src/stm32f1xx_hal_msp.o
 .debug_abbrev  0x000005a8       0xe4 Core/Src/stm32f1xx_it.o
 .debug_abbrev  0x0000068c      0x134 Core/Src/system_stm32f1xx.o
 .debug_abbrev  0x000007c0      0x1ed Drivers/STM32F1xx_HAL_Driver/Src/stm32f1xx_hal.o
 .debug_abbrev  0x000009ad      0x303 Drivers/STM32F1xx_HAL_Driver/Src/stm32f1xx_hal_cortex.o
 .debug_abbrev  0x00000cb0      0x1de Drivers/STM32F1xx_HAL_Driver/Src/stm32f1xx_hal_gpio.o
 .debug_abbrev  0x00000e8e      0x257 Drivers/STM32F1xx_HAL_Driver/Src/stm32f1xx_hal_rcc.o
 .debug_abbrev  0x000010e5      0x237 Drivers/STM32F1xx_HAL_Driver/Src/stm32f1xx_hal_tim.o
 .debug_abbrev  0x0000131c      0x246 Drivers/STM32F1xx_HAL_Driver/Src/stm32f1xx_hal_tim_ex.o
 .debug_abbrev  0x00001562       0x12 startup/startup_stm32f103xb.o

.debug_loc      0x00000000     0x7215
 .debug_loc     0x00000000       0x76 Core/Src/BUZZER_API.o
 .debug_loc     0x00000076       0x3a Core/Src/stm32f1xx_hal_msp.o
 .debug_loc     0x000000b0       0xdf Core/Src/system_stm32f1xx.o
 .debug_loc     0x0000018f      0x11b Drivers/STM32F1xx_HAL_Driver/Src/stm32f1xx_hal.o
 .debug_loc     0x000002aa      0x5ad Drivers/STM32F1xx_HAL_Driver/Src/stm32f1xx_hal_cortex.o
 .debug_loc     0x00000857      0x3d8 Drivers/STM32F1xx_HAL_Driver/Src/stm32f1xx_hal_gpio.o
 .debug_loc     0x00000c2f      0x4bb Drivers/STM32F1xx_HAL_Driver/Src/stm32f1xx_hal_rcc.o
 .debug_loc     0x000010ea     0x46c3 Drivers/STM32F1xx_HAL_Driver/Src/stm32f1xx_hal_tim.o
 .debug_loc     0x000057ad     0x1a68 Drivers/STM32F1xx_HAL_Driver/Src/stm32f1xx_hal_tim_ex.o

.debug_aranges  0x00000000      0x8f8
 .debug_aranges
                0x00000000       0x48 Core/Src/BUZZER_API.o
 .debug_aranges
                0x00000048       0x38 Core/Src/main.o
 .debug_aranges
                0x00000080       0x38 Core/Src/stm32f1xx_hal_msp.o
 .debug_aranges
                0x000000b8       0x60 Core/Src/stm32f1xx_it.o
 .debug_aranges
                0x00000118       0x28 Core/Src/system_stm32f1xx.o
 .debug_aranges
                0x00000140       0xe0 Drivers/STM32F1xx_HAL_Driver/Src/stm32f1xx_hal.o
 .debug_aranges
                0x00000220       0x90 Drivers/STM32F1xx_HAL_Driver/Src/stm32f1xx_hal_cortex.o
 .debug_aranges
                0x000002b0       0x58 Drivers/STM32F1xx_HAL_Driver/Src/stm32f1xx_hal_gpio.o
 .debug_aranges
                0x00000308       0x90 Drivers/STM32F1xx_HAL_Driver/Src/stm32f1xx_hal_rcc.o
 .debug_aranges
                0x00000398      0x3d0 Drivers/STM32F1xx_HAL_Driver/Src/stm32f1xx_hal_tim.o
 .debug_aranges
                0x00000768      0x168 Drivers/STM32F1xx_HAL_Driver/Src/stm32f1xx_hal_tim_ex.o
 .debug_aranges
                0x000008d0       0x28 startup/startup_stm32f103xb.o

.debug_ranges   0x00000000      0x8c0
 .debug_ranges  0x00000000       0x38 Core/Src/BUZZER_API.o
 .debug_ranges  0x00000038       0x28 Core/Src/main.o
 .debug_ranges  0x00000060       0x28 Core/Src/stm32f1xx_hal_msp.o
 .debug_ranges  0x00000088       0x50 Core/Src/stm32f1xx_it.o
 .debug_ranges  0x000000d8       0x18 Core/Src/system_stm32f1xx.o
 .debug_ranges  0x000000f0       0xd0 Drivers/STM32F1xx_HAL_Driver/Src/stm32f1xx_hal.o
 .debug_ranges  0x000001c0       0xe0 Drivers/STM32F1xx_HAL_Driver/Src/stm32f1xx_hal_cortex.o
 .debug_ranges  0x000002a0       0x48 Drivers/STM32F1xx_HAL_Driver/Src/stm32f1xx_hal_gpio.o
 .debug_ranges  0x000002e8       0xa0 Drivers/STM32F1xx_HAL_Driver/Src/stm32f1xx_hal_rcc.o
 .debug_ranges  0x00000388      0x3c0 Drivers/STM32F1xx_HAL_Driver/Src/stm32f1xx_hal_tim.o
 .debug_ranges  0x00000748      0x158 Drivers/STM32F1xx_HAL_Driver/Src/stm32f1xx_hal_tim_ex.o
 .debug_ranges  0x000008a0       0x20 startup/startup_stm32f103xb.o

.debug_macro    0x00000000    0x1675f
 .debug_macro   0x00000000      0x1b1 Core/Src/BUZZER_API.o
 .debug_macro   0x000001b1      0xa54 Core/Src/BUZZER_API.o
 .debug_macro   0x00000c05       0x22 Core/Src/BUZZER_API.o
 .debug_macro   0x00000c27       0x8e Core/Src/BUZZER_API.o
 .debug_macro   0x00000cb5       0x51 Core/Src/BUZZER_API.o
 .debug_macro   0x00000d06       0xef Core/Src/BUZZER_API.o
 .debug_macro   0x00000df5       0x6a Core/Src/BUZZER_API.o
 .debug_macro   0x00000e5f      0x1df Core/Src/BUZZER_API.o
 .debug_macro   0x0000103e      0x215 Core/Src/BUZZER_API.o
 .debug_macro   0x00001253       0x2e Core/Src/BUZZER_API.o
 .debug_macro   0x00001281       0x22 Core/Src/BUZZER_API.o
 .debug_macro   0x000012a3       0x1c Core/Src/BUZZER_API.o
 .debug_macro   0x000012bf       0x22 Core/Src/BUZZER_API.o
 .debug_macro   0x000012e1       0xc3 Core/Src/BUZZER_API.o
 .debug_macro   0x000013a4      0xd23 Core/Src/BUZZER_API.o
 .debug_macro   0x000020c7     0xe097 Core/Src/BUZZER_API.o
 .debug_macro   0x0001015e       0x43 Core/Src/BUZZER_API.o
 .debug_macro   0x000101a1     0x3468 Core/Src/BUZZER_API.o
 .debug_macro   0x00013609      0x174 Core/Src/BUZZER_API.o
 .debug_macro   0x0001377d       0x5c Core/Src/BUZZER_API.o
 .debug_macro   0x000137d9      0x5be Core/Src/BUZZER_API.o
 .debug_macro   0x00013d97      0x289 Core/Src/BUZZER_API.o
 .debug_macro   0x00014020      0x1cb Core/Src/BUZZER_API.o
 .debug_macro   0x000141eb      0x114 Core/Src/BUZZER_API.o
 .debug_macro   0x000142ff      0x1b2 Core/Src/BUZZER_API.o
 .debug_macro   0x000144b1       0x27 Core/Src/BUZZER_API.o
 .debug_macro   0x000144d8      0x136 Core/Src/BUZZER_API.o
 .debug_macro   0x0001460e      0x1bc Core/Src/BUZZER_API.o
 .debug_macro   0x000147ca       0x34 Core/Src/BUZZER_API.o
 .debug_macro   0x000147fe       0x3c Core/Src/BUZZER_API.o
 .debug_macro   0x0001483a       0x57 Core/Src/BUZZER_API.o
 .debug_macro   0x00014891       0x88 Core/Src/BUZZER_API.o
 .debug_macro   0x00014919      0x241 Core/Src/BUZZER_API.o
 .debug_macro   0x00014b5a      0x141 Core/Src/BUZZER_API.o
 .debug_macro   0x00014c9b      0x8d1 Core/Src/BUZZER_API.o
 .debug_macro   0x0001556c       0x83 Core/Src/BUZZER_API.o
 .debug_macro   0x000155ef       0x10 Core/Src/BUZZER_API.o
 .debug_macro   0x000155ff       0x3a Core/Src/BUZZER_API.o
 .debug_macro   0x00015639      0x1b1 Core/Src/main.o
 .debug_macro   0x000157ea       0x34 Core/Src/main.o
 .debug_macro   0x0001581e       0x16 Core/Src/main.o
 .debug_macro   0x00015834      0x1a8 Core/Src/stm32f1xx_hal_msp.o
 .debug_macro   0x000159dc      0x1b2 Core/Src/stm32f1xx_it.o
 .debug_macro   0x00015b8e      0x199 Core/Src/system_stm32f1xx.o
 .debug_macro   0x00015d27      0x1bd Drivers/STM32F1xx_HAL_Driver/Src/stm32f1xx_hal.o
 .debug_macro   0x00015ee4      0x199 Drivers/STM32F1xx_HAL_Driver/Src/stm32f1xx_hal_cortex.o
 .debug_macro   0x0001607d      0x204 Drivers/STM32F1xx_HAL_Driver/Src/stm32f1xx_hal_gpio.o
 .debug_macro   0x00016281      0x1ab Drivers/STM32F1xx_HAL_Driver/Src/stm32f1xx_hal_rcc.o
 .debug_macro   0x0001642c      0x19a Drivers/STM32F1xx_HAL_Driver/Src/stm32f1xx_hal_tim.o
 .debug_macro   0x000165c6      0x199 Drivers/STM32F1xx_HAL_Driver/Src/stm32f1xx_hal_tim_ex.o

.debug_line     0x00000000     0x7a07
 .debug_line    0x00000000      0x72b Core/Src/BUZZER_API.o
 .debug_line    0x0000072b      0x6f3 Core/Src/main.o
 .debug_line    0x00000e1e      0x6d3 Core/Src/stm32f1xx_hal_msp.o
 .debug_line    0x000014f1      0x719 Core/Src/stm32f1xx_it.o
 .debug_line    0x00001c0a      0x6b3 Core/Src/system_stm32f1xx.o
 .debug_line    0x000022bd      0x85d Drivers/STM32F1xx_HAL_Driver/Src/stm32f1xx_hal.o
 .debug_line    0x00002b1a      0x86c Drivers/STM32F1xx_HAL_Driver/Src/stm32f1xx_hal_cortex.o
 .debug_line    0x00003386      0x82e Drivers/STM32F1xx_HAL_Driver/Src/stm32f1xx_hal_gpio.o
 .debug_line    0x00003bb4      0x967 Drivers/STM32F1xx_HAL_Driver/Src/stm32f1xx_hal_rcc.o
 .debug_line    0x0000451b     0x2161 Drivers/STM32F1xx_HAL_Driver/Src/stm32f1xx_hal_tim.o
 .debug_line    0x0000667c     0x130e Drivers/STM32F1xx_HAL_Driver/Src/stm32f1xx_hal_tim_ex.o
 .debug_line    0x0000798a       0x7d startup/startup_stm32f103xb.o

.debug_str      0x00000000    0x83a97
 .debug_str     0x00000000    0x816c0 Core/Src/BUZZER_API.o
                              0x81a9e (size before relaxing)
 .debug_str     0x000816c0      0x1ce Core/Src/main.o
                              0x81a53 (size before relaxing)
 .debug_str     0x0008188e       0xf1 Core/Src/stm32f1xx_hal_msp.o
                              0x8195b (size before relaxing)
 .debug_str     0x0008197f       0xc9 Core/Src/stm32f1xx_it.o
                              0x8141c (size before relaxing)
 .debug_str     0x00081a48       0x52 Core/Src/system_stm32f1xx.o
                              0x8133a (size before relaxing)
 .debug_str     0x00081a9a      0x58e Drivers/STM32F1xx_HAL_Driver/Src/stm32f1xx_hal.o
                              0x81a10 (size before relaxing)
 .debug_str     0x00082028      0x2bb Drivers/STM32F1xx_HAL_Driver/Src/stm32f1xx_hal_cortex.o
                              0x819d3 (size before relaxing)
 .debug_str     0x000822e3      0x332 Drivers/STM32F1xx_HAL_Driver/Src/stm32f1xx_hal_gpio.o
                              0x816fe (size before relaxing)
 .debug_str     0x00082615      0x229 Drivers/STM32F1xx_HAL_Driver/Src/stm32f1xx_hal_rcc.o
                              0x8175e (size before relaxing)
 .debug_str     0x0008283e      0xd51 Drivers/STM32F1xx_HAL_Driver/Src/stm32f1xx_hal_tim.o
                              0x8275c (size before relaxing)
 .debug_str     0x0008358f      0x4d9 Drivers/STM32F1xx_HAL_Driver/Src/stm32f1xx_hal_tim_ex.o
                              0x81f86 (size before relaxing)
 .debug_str     0x00083a68       0x2f startup/startup_stm32f103xb.o
                                 0x66 (size before relaxing)

.comment        0x00000000       0x7f
 .comment       0x00000000       0x7f Core/Src/BUZZER_API.o
                                 0x80 (size before relaxing)
 .comment       0x0000007f       0x80 Core/Src/main.o
 .comment       0x0000007f       0x80 Core/Src/stm32f1xx_hal_msp.o
 .comment       0x0000007f       0x80 Core/Src/stm32f1xx_it.o
 .comment       0x0000007f       0x80 Core/Src/system_stm32f1xx.o
 .comment       0x0000007f       0x80 Drivers/STM32F1xx_HAL_Driver/Src/stm32f1xx_hal.o
 .comment       0x0000007f       0x80 Drivers/STM32F1xx_HAL_Driver/Src/stm32f1xx_hal_cortex.o
 .comment       0x0000007f       0x80 Drivers/STM32F1xx_HAL_Driver/Src/stm32f1xx_hal_gpio.o
 .comment       0x0000007f       0x80 Drivers/STM32F1xx_HAL_Driver/Src/stm32f1xx_hal_rcc.o
 .comment       0x0000007f       0x80 Drivers/STM32F1xx_HAL_Driver/Src/stm32f1xx_hal_tim.o
 .comment       0x0000007f       0x80 Drivers/STM32F1xx_HAL_Driver/Src/stm32f1xx_hal_tim_ex.o

.debug_frame    0x00000000     0x182c
 .debug_frame   0x00000000       0xb0 Core/Src/BUZZER_API.o
 .debug_frame   0x000000b0       0x70 Core/Src/main.o
 .debug_frame   0x00000120       0x70 Core/Src/stm32f1xx_hal_msp.o
 .debug_frame   0x00000190       0xa8 Core/Src/stm32f1xx_it.o
 .debug_frame   0x00000238       0x30 Core/Src/system_stm32f1xx.o
 .debug_frame   0x00000268      0x1cc Drivers/STM32F1xx_HAL_Driver/Src/stm32f1xx_hal.o
 .debug_frame   0x00000434      0x12c Drivers/STM32F1xx_HAL_Driver/Src/stm32f1xx_hal_cortex.o
 .debug_frame   0x00000560       0xe8 Drivers/STM32F1xx_HAL_Driver/Src/stm32f1xx_hal_gpio.o
 .debug_frame   0x00000648      0x198 Drivers/STM32F1xx_HAL_Driver/Src/stm32f1xx_hal_rcc.o
 .debug_frame   0x000007e0      0xb8c Drivers/STM32F1xx_HAL_Driver/Src/stm32f1xx_hal_tim.o
 .debug_frame   0x0000136c      0x474 Drivers/STM32F1xx_HAL_Driver/Src/stm32f1xx_hal_tim_ex.o
 .debug_frame   0x000017e0       0x2c c:/ac6/systemworkbench/plugins/fr.ac6.mcu.externaltools.arm-none.win32_1.17.0.201812190825/tools/compiler/bin/../lib/gcc/arm-none-eabi/7.3.1/../../../../arm-none-eabi/lib/thumb/v7-m\libc_nano.a(lib_a-init.o)
 .debug_frame   0x0000180c       0x20 c:/ac6/systemworkbench/plugins/fr.ac6.mcu.externaltools.arm-none.win32_1.17.0.201812190825/tools/compiler/bin/../lib/gcc/arm-none-eabi/7.3.1/../../../../arm-none-eabi/lib/thumb/v7-m\libc_nano.a(lib_a-memset.o)
